
> frontend@0.0.0 build
> vite build

[36mvite v7.3.0 [32mbuilding client environment for production...[36m[39m
transforming...
[32mÔ£ô[39m 1085 modules transformed.
node.exe : [31mÔ£ù[39m Build failed in 2.58s
No C:\Program Files\nodejs\npm.ps1:29 caractere:3
+   & $NODE_EXE $NPM_CLI_JS $args
+   ~~~~~~~~~~~~~~~~~~~~~~~~~~~~~
    + CategoryInfo          : NotSpecified: ([31mÔ£ù 
   [39m Build failed in 2.58s:String) [], RemoteExcep  
  tion
    + FullyQualifiedErrorId : NativeCommandError
 
[31merror during build:
[31m[vite]: Rollup failed to resolve import 
"socket.io-client" from "C:/Users/Gabriel/Desktop/meuwh
atsapp/meuwhatsapp/frontend/src/services/socket.ts".
This is most likely unintended because it can break 
your application at runtime.
If you do want to externalize this module explicitly 
add it to
`build.rollupOptions.external`[31m
    at viteLog (file:///C:/Users/Gabriel/Desktop/meuwha
tsapp/meuwhatsapp/frontend/node_modules/vite/dist/node/
chunks/config.js:33634:57)
    at file:///C:/Users/Gabriel/Desktop/meuwhatsapp/meu
whatsapp/frontend/node_modules/vite/dist/node/chunks/co
nfig.js:33668:73
    at onwarn (file:///C:/Users/Gabriel/Desktop/meuwhat
sapp/meuwhatsapp/frontend/node_modules/@vitejs/plugin-r
eact/dist/index.js:76:7)
    at file:///C:/Users/Gabriel/Desktop/meuwhatsapp/meu
whatsapp/frontend/node_modules/vite/dist/node/chunks/co
nfig.js:33668:28
    at onRollupLog (file:///C:/Users/Gabriel/Desktop/me
uwhatsapp/meuwhatsapp/frontend/node_modules/vite/dist/n
ode/chunks/config.js:33663:63)
    at onLog (file:///C:/Users/Gabriel/Desktop/meuwhats
app/meuwhatsapp/frontend/node_modules/vite/dist/node/ch
unks/config.js:33466:4)
    at file:///C:/Users/Gabriel/Desktop/meuwhatsapp/meu
whatsapp/frontend/node_modules/rollup/dist/es/shared/no
de-entry.js:21032:32
    at Object.logger [as onLog] (file:///C:/Users/Gabri
el/Desktop/meuwhatsapp/meuwhatsapp/frontend/node_module
s/rollup/dist/es/shared/node-entry.js:22919:9)
    at ModuleLoader.handleInvalidResolvedId (file:///C:
/Users/Gabriel/Desktop/meuwhatsapp/meuwhatsapp/frontend
/node_modules/rollup/dist/es/shared/node-entry.js:21663
:26)
    at file:///C:/Users/Gabriel/Desktop/meuwhatsapp/meu
whatsapp/frontend/node_modules/rollup/dist/es/shared/no
de-entry.js:21621:26[39m
